
Testing agent: orchestrator-agent, model: gpt-4o
- Result [ERROR 500]: {"ok":false,"error":"{\"error\":{\"code\":429,\"message\":\"You exceeded your current quota, please check your plan and billing details. For more information on this error, head to: https://ai.google.dev/gemini-api/docs/rate-limits. To monitor your current usage, head to: https://ai.dev/rate-limit. \\n* Quota exceeded for metric: generativelanguage.googleapis.com/generate_content_free_tier_input_token_count, limit: 0, model: gemini-2.5-pro\\n* Quota exceeded for metric: generativelanguage.googleapis.com/generate_content_free_tier_input_token_count, limit: 0, model: gemini-2.5-pro\\n* Quota exceeded for metric: generativelanguage.googleapis.com/generate_content_free_tier_requests, limit: 0, model: gemini-2.5-pro\\n* Quota exceeded for metric: generativelanguage.googleapis.com/generate_content_free_tier_requests, limit: 0, model: gemini-2.5-pro\\nPlease retry in 27.461696021s.\",\"status\":\"RESOURCE_EXHAUSTED\",\"details\":[{\"@type\":\"type.googleapis.com/google.rpc.Help\",\"links\":[{\"description\":\"Learn more about Gemini API quotas\",\"url\":\"https://ai.google.dev/gemini-api/docs/rate-limits\"}]},{\"@type\":\"type.googleapis.com/google.rpc.QuotaFailure\",\"violations\":[{\"quotaMetric\":\"generativelanguage.googleapis.com/generate_content_free_tier_input_token_count\",\"quotaId\":\"GenerateContentInputTokensPerModelPerDay-FreeTier\",\"quotaDimensions\":{\"location\":\"global\",\"model\":\"gemini-2.5-pro\"}},{\"quotaMetric\":\"generativelanguage.googleapis.com/generate_content_free_tier_input_token_count\",\"quotaId\":\"GenerateContentInputTokensPerModelPerMinute-FreeTier\",\"quotaDimensions\":{\"location\":\"global\",\"model\":\"gemini-2.5-pro\"}},{\"quotaMetric\":\"generativelanguage.googleapis.com/generate_content_free_tier_requests\",\"quotaId\":\"GenerateRequestsPerMinutePerProjectPerModel-FreeTier\",\"quotaDimensions\":{\"location\":\"global\",\"model\":\"gemini-2.5-pro\"}},{\"quotaMetric\":\"generativelanguage.googleapis.com/generate_content_free_tier_requests\",\"quotaId\":\"GenerateRequestsPerDayPerProjectPerModel-FreeTier\",\"quotaDimensions\":{\"location\":\"global\",\"model\":\"gemini-2.5-pro\"}}]},{\"@type\":\"type.googleapis.com/google.rpc.RetryInfo\",\"retryDelay\":\"27s\"}]}}"}

Testing agent: developer-agent, model: claude-3-5-sonnet
- Result [ERROR 500]: {"ok":false,"error":"{\"error\":{\"code\":429,\"message\":\"You exceeded your current quota, please check your plan and billing details. For more information on this error, head to: https://ai.google.dev/gemini-api/docs/rate-limits. To monitor your current usage, head to: https://ai.dev/rate-limit. \\n* Quota exceeded for metric: generativelanguage.googleapis.com/generate_content_free_tier_input_token_count, limit: 0, model: gemini-2.5-pro\\n* Quota exceeded for metric: generativelanguage.googleapis.com/generate_content_free_tier_requests, limit: 0, model: gemini-2.5-pro\\n* Quota exceeded for metric: generativelanguage.googleapis.com/generate_content_free_tier_requests, limit: 0, model: gemini-2.5-pro\\n* Quota exceeded for metric: generativelanguage.googleapis.com/generate_content_free_tier_input_token_count, limit: 0, model: gemini-2.5-pro\\nPlease retry in 22.088856349s.\",\"status\":\"RESOURCE_EXHAUSTED\",\"details\":[{\"@type\":\"type.googleapis.com/google.rpc.Help\",\"links\":[{\"description\":\"Learn more about Gemini API quotas\",\"url\":\"https://ai.google.dev/gemini-api/docs/rate-limits\"}]},{\"@type\":\"type.googleapis.com/google.rpc.QuotaFailure\",\"violations\":[{\"quotaMetric\":\"generativelanguage.googleapis.com/generate_content_free_tier_input_token_count\",\"quotaId\":\"GenerateContentInputTokensPerModelPerMinute-FreeTier\",\"quotaDimensions\":{\"model\":\"gemini-2.5-pro\",\"location\":\"global\"}},{\"quotaMetric\":\"generativelanguage.googleapis.com/generate_content_free_tier_requests\",\"quotaId\":\"GenerateRequestsPerMinutePerProjectPerModel-FreeTier\",\"quotaDimensions\":{\"model\":\"gemini-2.5-pro\",\"location\":\"global\"}},{\"quotaMetric\":\"generativelanguage.googleapis.com/generate_content_free_tier_requests\",\"quotaId\":\"GenerateRequestsPerDayPerProjectPerModel-FreeTier\",\"quotaDimensions\":{\"location\":\"global\",\"model\":\"gemini-2.5-pro\"}},{\"quotaMetric\":\"generativelanguage.googleapis.com/generate_content_free_tier_input_token_count\",\"quotaId\":\"GenerateContentInputTokensPerModelPerDay-FreeTier\",\"quotaDimensions\":{\"location\":\"global\",\"model\":\"gemini-2.5-pro\"}}]},{\"@type\":\"type.googleapis.com/google.rpc.RetryInfo\",\"retryDelay\":\"22s\"}]}}"}

Testing agent: github-copilot, model: github-copilot-latest
- Result [ERROR 500]: {"ok":false,"error":"{\"error\":{\"code\":429,\"message\":\"You exceeded your current quota, please check your plan and billing details. For more information on this error, head to: https://ai.google.dev/gemini-api/docs/rate-limits. To monitor your current usage, head to: https://ai.dev/rate-limit. \\n* Quota exceeded for metric: generativelanguage.googleapis.com/generate_content_free_tier_requests, limit: 0, model: gemini-2.5-pro\\n* Quota exceeded for metric: generativelanguage.googleapis.com/generate_content_free_tier_requests, limit: 0, model: gemini-2.5-pro\\n* Quota exceeded for metric: generativelanguage.googleapis.com/generate_content_free_tier_input_token_count, limit: 0, model: gemini-2.5-pro\\n* Quota exceeded for metric: generativelanguage.googleapis.com/generate_content_free_tier_input_token_count, limit: 0, model: gemini-2.5-pro\\nPlease retry in 16.765745451s.\",\"status\":\"RESOURCE_EXHAUSTED\",\"details\":[{\"@type\":\"type.googleapis.com/google.rpc.Help\",\"links\":[{\"description\":\"Learn more about Gemini API quotas\",\"url\":\"https://ai.google.dev/gemini-api/docs/rate-limits\"}]},{\"@type\":\"type.googleapis.com/google.rpc.QuotaFailure\",\"violations\":[{\"quotaMetric\":\"generativelanguage.googleapis.com/generate_content_free_tier_requests\",\"quotaId\":\"GenerateRequestsPerDayPerProjectPerModel-FreeTier\",\"quotaDimensions\":{\"location\":\"global\",\"model\":\"gemini-2.5-pro\"}},{\"quotaMetric\":\"generativelanguage.googleapis.com/generate_content_free_tier_requests\",\"quotaId\":\"GenerateRequestsPerMinutePerProjectPerModel-FreeTier\",\"quotaDimensions\":{\"location\":\"global\",\"model\":\"gemini-2.5-pro\"}},{\"quotaMetric\":\"generativelanguage.googleapis.com/generate_content_free_tier_input_token_count\",\"quotaId\":\"GenerateContentInputTokensPerModelPerMinute-FreeTier\",\"quotaDimensions\":{\"location\":\"global\",\"model\":\"gemini-2.5-pro\"}},{\"quotaMetric\":\"generativelanguage.googleapis.com/generate_content_free_tier_input_token_count\",\"quotaId\":\"GenerateContentInputTokensPerModelPerDay-FreeTier\",\"quotaDimensions\":{\"location\":\"global\",\"model\":\"gemini-2.5-pro\"}}]},{\"@type\":\"type.googleapis.com/google.rpc.RetryInfo\",\"retryDelay\":\"16s\"}]}}"}
